******************************************************************************
        TMS320C2000 COFF Linker PC v4.1.3                      
******************************************************************************
>> Linked Fri Mar 16 19:34:57 2007

OUTPUT FILE NAME:   <./Debug/monitor2808.out>
ENTRY POINT SYMBOL: "code_start"  address: 003f7ff6


MEMORY CONFIGURATION

                  name            origin    length      used    attr    fill
         ----------------------  --------  ---------  --------  ----  --------
PAGE  0: RAMM1                   00000000   00000800  00000513  RWIX
         OTP                     003d7800   00000400  00000000  RWIX
         FLASHD                  003e8000   00004000  00000000  RWIX
         FLASHC                  003ec000   00004000  00000000  RWIX
         FLASHB                  003f0000   00004000  00000000  RWIX
         USERFLASH               003f4000   00003f80  00002280  RWIX
         CSM_RSVD                003f7f80   00000076  00000000  RWIX
         BEGIN                   003f7ff6   00000002  00000002  RWIX
         CSM_PWL                 003f7ff8   00000008  00000000  RWIX
         RAMH0                   003fa000   00002000  00000711  RWIX
         ROM                     003ff000   00000fc0  00000000  RWIX
         RESET                   003fffc0   00000002  00000000  RWIX
         VECTORS                 003fffc2   0000003e  00000000  RWIX

PAGE  1: DEV_EMU                 00000880   00000180  000000d0  RWIX
         FLASH_REGS              00000a80   00000060  00000008  RWIX
         CSM                     00000ae0   00000010  00000010  RWIX
         ADC_MIRROR              00000b00   00000010  00000010  RWIX
         CPU_TIMER0              00000c00   00000008  00000008  RWIX
         CPU_TIMER1              00000c08   00000008  00000008  RWIX
         CPU_TIMER2              00000c10   00000008  00000008  RWIX
         PIE_CTRL                00000ce0   00000020  0000001a  RWIX
         PIE_VECT                00000d00   00000100  00000100  RWIX
         ECANA                   00006000   00000040  00000034  RWIX
         ECANA_LAM               00006040   00000040  00000040  RWIX
         ECANA_MOTS              00006080   00000040  00000040  RWIX
         ECANA_MOTO              000060c0   00000040  00000040  RWIX
         ECANA_MBOX              00006100   00000100  00000100  RWIX
         ECANB                   00006200   00000040  00000034  RWIX
         ECANB_LAM               00006240   00000040  00000040  RWIX
         ECANB_MOTS              00006280   00000040  00000040  RWIX
         ECANB_MOTO              000062c0   00000040  00000040  RWIX
         ECANB_MBOX              00006300   00000100  00000100  RWIX
         EPWM1                   00006800   00000022  00000022  RWIX
         EPWM2                   00006840   00000022  00000022  RWIX
         EPWM3                   00006880   00000022  00000022  RWIX
         EPWM4                   000068c0   00000022  00000022  RWIX
         EPWM5                   00006900   00000022  00000022  RWIX
         EPWM6                   00006940   00000022  00000022  RWIX
         ECAP1                   00006a00   00000020  00000020  RWIX
         ECAP2                   00006a20   00000020  00000020  RWIX
         ECAP3                   00006a40   00000020  00000020  RWIX
         ECAP4                   00006a60   00000020  00000020  RWIX
         EQEP1                   00006b00   00000040  00000040  RWIX
         EQEP2                   00006b40   00000040  00000040  RWIX
         GPIOCTRL                00006f80   00000040  00000040  RWIX
         GPIODAT                 00006fc0   00000020  00000020  RWIX
         GPIOINT                 00006fe0   00000020  0000000a  RWIX
         SYSTEM                  00007010   00000020  00000020  RWIX
         SPIA                    00007040   00000010  00000010  RWIX
         SCIA                    00007050   00000010  00000010  RWIX
         XINTRUPT                00007070   00000010  00000010  RWIX
         ADC                     00007100   00000020  0000001e  RWIX
         SPIB                    00007740   00000010  00000010  RWIX
         SCIB                    00007750   00000010  00000010  RWIX
         SPIC                    00007760   00000010  00000010  RWIX
         SPID                    00007780   00000010  00000010  RWIX
         I2CA                    00007900   00000040  00000022  RWIX
         RAML0_1                 00008000   00002000  00000564  RWIX
         CSM_PWL                 003f7ff8   00000008  00000008  RWIX


SECTION ALLOCATION MAP

 output                                  attributes/
section   page    origin      length       input sections
--------  ----  ----------  ----------   ----------------
.pinit     0    003f4000    00000000     UNINITIALIZED

.switch    0    003f4000    00000000     UNINITIALIZED

.text      0    003f4000    000016d7     
                  003f4000    00000044     rts2800_ml.lib : boot.obj (.text)
                  003f4044    0000004a                    : exit.obj (.text)
                  003f408e    00000009                    : _lock.obj (.text)
                  003f4097    00000014                    : args_main.obj (.text)
                  003f40ab    00000008     DSP280x_CodeStartBranch.obj (.text)
                  003f40b3    00000520     flash.obj (.text)
                  003f45d3    00000017     rts2800_ml.lib : fs_cmp.obj (.text)
                  003f45ea    0000005a                    : fs_mpy.obj (.text)
                  003f4644    00000029                    : fs_tol.obj (.text)
                  003f466d    0000000f                    : memset.obj (.text)
                  003f467c    00000032                    : vsprintf.obj (.text)
                  003f46ae    0000078b                    : _printfi.obj (.text)
                  003f4e39    0000004a                    : atoi.obj (.text)
                  003f4e83    000000ec                    : ecvt.obj (.text)
                  003f4f6f    000000eb                    : fcvt.obj (.text)
                  003f505a    0000002a                    : fd_cmp.obj (.text)
                  003f5084    0000008b                    : fd_div.obj (.text)
                  003f510f    00000083                    : fd_mpy.obj (.text)
                  003f5192    00000009                    : fd_neg.obj (.text)
                  003f519b    0000000e                    : fd_sub.obj (.text)
                  003f51a9    00000021                    : fd_toi.obj (.text)
                  003f51ca    0000001f                    : fd_tol.obj (.text)
                  003f51e9    0000001c                    : fs_tofd.obj (.text)
                  003f5205    0000001c                    : l_tofd.obj (.text)
                  003f5221    0000001e                    : ll_cmp.obj (.text)
                  003f523f    00000107                    : ll_div.obj (.text)
                  003f5346    00000014                    : ll_mpy.obj (.text)
                  003f535a    0000002c                    : ltoa.obj (.text)
                  003f5386    00000012                    : memccpy.obj (.text)
                  003f5398    00000041                    : memcpy.obj (.text)
                  003f53d9    000001f4                    : memory.obj (.text)
                  003f55cd    0000000f                    : strcpy.obj (.text)
                  003f55dc    0000000d                    : strlen.obj (.text)
                  003f55e9    00000028                    : strncpy.obj (.text)
                  003f5611    0000009c                    : fd_add.obj (.text)
                  003f56ad    0000002a                    : l_div.obj (.text)

.econst    0    003f56d8    00000559     
                  003f56d8    000003f7     flash.obj (.econst)
                  003f5acf    00000001     --HOLE-- [fill = 0]
                  003f5ad0    0000003f     rts2800_ml.lib : _printfi.obj (.econst)
                  003f5b0f    00000001     --HOLE-- [fill = 0]
                  003f5b10    00000010                    : ecvt.obj (.econst)
                  003f5b20    00000010                    : fcvt.obj (.econst)
                  003f5b30    00000101                    : ctype.obj (.econst)

Flash28_API 
*          0    003f5c32    000004f0     RUN ADDR = 00000000
                  003f5c32    00000014     Flash2808_API_V302.lib : Flash28_Erase.obj (.econst)
                  003f5c46    000000a2                            : Flash28_Erase.obj (.text)
                  003f5ce8    0000005b                            : Flash28_EraseSector.obj (.text)
                  003f5d43    00000024                            : Flash28_Init.obj (.text)
                  003f5d67    00000084                            : Flash28_Internals.obj (.text)
                  003f5deb    000000a9                            : Flash28_Prog.obj (.text)
                  003f5e94    0000007f                            : Flash28_Prog_Pulse.obj (.text)
                  003f5f13    00000014                            : Flash28_Utils.obj (.text)
                  003f5f27    00000005                            : Flash28_Version.obj (.text)
                  003f5f2c    00000003                            : Flash28_Version_Hex.obj (.text)
                  003f5f2f    00000033                            : Flash28_ClearSector.obj (.text)
                  003f5f62    00000054                            : Flash28_CompactSector.obj (.text)
                  003f5fb6    0000000d                            : Flash28_Delay.obj (.text)
                  003f5fc3    00000007                            : Flash28_DisInt.obj (.text)
                  003f5fca    0000009a                            : Flash28_Erase_Pulse.obj (.text)
                  003f6064    00000041                            : Flash28_ClearLoop.obj (.text)
                  003f60a5    0000007d                            : Flash28_Compact_Pulse.obj (.text)

ramfuncs1 
*          0    003f6122    00000111     RUN ADDR = 003fa600
                  003f6122    00000111     flash.obj (ramfuncs1)

.cinit     0    003f6233    0000002c     
                  003f6233    0000000e     rts2800_ml.lib : exit.obj (.cinit)
                  003f6241    0000000a                    : _lock.obj (.cinit)
                  003f624b    00000005     flash.obj (.cinit)
                  003f6250    00000004     rts2800_ml.lib : memory.obj (.cinit)
                  003f6254    0000000a     Flash2808_API_V302.lib : Flash28_Globals.obj (.cinit)
                  003f625e    00000001     --HOLE-- [fill = 0]

ramfuncs   0    003f625f    00000023     RUN ADDR = 000004f0
                  003f625f    00000004     DSP280x_usDelay.obj (ramfuncs)
                  003f6263    0000001f     flash.obj (ramfuncs)

csm_rsvd   0    003f7f80    00000000     UNINITIALIZED

codestart 
*          0    003f7ff6    00000002     
                  003f7ff6    00000002     DSP280x_CodeStartBranch.obj (codestart)

csmpasswds 
*          0    003f7ff8    00000000     UNINITIALIZED

.heap      0    003fa000    00000000     UNINITIALIZED

.esysmem   0    003fa000    00000000     UNINITIALIZED

.stack     0    003fa000    00000300     UNINITIALIZED

.sysmem    0    003fa300    00000300     UNINITIALIZED

.reset     0    003fffc0    00000002     DSECT
                  003fffc0    00000002     rts2800_ml.lib : boot.obj (.reset)

vectors    0    003fffc2    00000000     DSECT

.data      1    00000000    00000000     UNINITIALIZED

.bss       1    00000000    00000000     UNINITIALIZED

DevEmuRegsFile 
*          1    00000880    000000d0     UNINITIALIZED
                  00000880    000000d0     flash.obj (DevEmuRegsFile)

FlashRegsFile 
*          1    00000a80    00000008     UNINITIALIZED
                  00000a80    00000008     flash.obj (FlashRegsFile)

CsmRegsFile 
*          1    00000ae0    00000010     UNINITIALIZED
                  00000ae0    00000010     flash.obj (CsmRegsFile)

AdcMirrorFile 
*          1    00000b00    00000010     UNINITIALIZED
                  00000b00    00000010     flash.obj (AdcMirrorFile)

CpuTimer0RegsFile 
*          1    00000c00    00000008     UNINITIALIZED
                  00000c00    00000008     flash.obj (CpuTimer0RegsFile)

CpuTimer1RegsFile 
*          1    00000c08    00000008     UNINITIALIZED
                  00000c08    00000008     flash.obj (CpuTimer1RegsFile)

CpuTimer2RegsFile 
*          1    00000c10    00000008     UNINITIALIZED
                  00000c10    00000008     flash.obj (CpuTimer2RegsFile)

PieCtrlRegsFile 
*          1    00000ce0    0000001a     UNINITIALIZED
                  00000ce0    0000001a     flash.obj (PieCtrlRegsFile)

PieVectTableFile 
*          1    00000d00    00000100     UNINITIALIZED
                  00000d00    00000100     flash.obj (PieVectTableFile)

ECanaRegsFile 
*          1    00006000    00000034     UNINITIALIZED
                  00006000    00000034     flash.obj (ECanaRegsFile)

ECanaLAMRegsFile 
*          1    00006040    00000040     UNINITIALIZED
                  00006040    00000040     flash.obj (ECanaLAMRegsFile)

ECanaMOTSRegsFile 
*          1    00006080    00000040     UNINITIALIZED
                  00006080    00000040     flash.obj (ECanaMOTSRegsFile)

ECanaMOTORegsFile 
*          1    000060c0    00000040     UNINITIALIZED
                  000060c0    00000040     flash.obj (ECanaMOTORegsFile)

ECanaMboxesFile 
*          1    00006100    00000100     UNINITIALIZED
                  00006100    00000100     flash.obj (ECanaMboxesFile)

ECanbRegsFile 
*          1    00006200    00000034     UNINITIALIZED
                  00006200    00000034     flash.obj (ECanbRegsFile)

ECanbLAMRegsFile 
*          1    00006240    00000040     UNINITIALIZED
                  00006240    00000040     flash.obj (ECanbLAMRegsFile)

ECanbMOTSRegsFile 
*          1    00006280    00000040     UNINITIALIZED
                  00006280    00000040     flash.obj (ECanbMOTSRegsFile)

ECanbMOTORegsFile 
*          1    000062c0    00000040     UNINITIALIZED
                  000062c0    00000040     flash.obj (ECanbMOTORegsFile)

ECanbMboxesFile 
*          1    00006300    00000100     UNINITIALIZED
                  00006300    00000100     flash.obj (ECanbMboxesFile)

EPwm1RegsFile 
*          1    00006800    00000022     UNINITIALIZED
                  00006800    00000022     flash.obj (EPwm1RegsFile)

EPwm2RegsFile 
*          1    00006840    00000022     UNINITIALIZED
                  00006840    00000022     flash.obj (EPwm2RegsFile)

EPwm3RegsFile 
*          1    00006880    00000022     UNINITIALIZED
                  00006880    00000022     flash.obj (EPwm3RegsFile)

EPwm4RegsFile 
*          1    000068c0    00000022     UNINITIALIZED
                  000068c0    00000022     flash.obj (EPwm4RegsFile)

EPwm5RegsFile 
*          1    00006900    00000022     UNINITIALIZED
                  00006900    00000022     flash.obj (EPwm5RegsFile)

EPwm6RegsFile 
*          1    00006940    00000022     UNINITIALIZED
                  00006940    00000022     flash.obj (EPwm6RegsFile)

ECap1RegsFile 
*          1    00006a00    00000020     UNINITIALIZED
                  00006a00    00000020     flash.obj (ECap1RegsFile)

ECap2RegsFile 
*          1    00006a20    00000020     UNINITIALIZED
                  00006a20    00000020     flash.obj (ECap2RegsFile)

ECap3RegsFile 
*          1    00006a40    00000020     UNINITIALIZED
                  00006a40    00000020     flash.obj (ECap3RegsFile)

ECap4RegsFile 
*          1    00006a60    00000020     UNINITIALIZED
                  00006a60    00000020     flash.obj (ECap4RegsFile)

EQep1RegsFile 
*          1    00006b00    00000040     UNINITIALIZED
                  00006b00    00000040     flash.obj (EQep1RegsFile)

EQep2RegsFile 
*          1    00006b40    00000040     UNINITIALIZED
                  00006b40    00000040     flash.obj (EQep2RegsFile)

GpioCtrlRegsFile 
*          1    00006f80    00000040     UNINITIALIZED
                  00006f80    00000040     flash.obj (GpioCtrlRegsFile)

GpioDataRegsFile 
*          1    00006fc0    00000020     UNINITIALIZED
                  00006fc0    00000020     flash.obj (GpioDataRegsFile)

GpioIntRegsFile 
*          1    00006fe0    0000000a     UNINITIALIZED
                  00006fe0    0000000a     flash.obj (GpioIntRegsFile)

SysCtrlRegsFile 
*          1    00007010    00000020     UNINITIALIZED
                  00007010    00000020     flash.obj (SysCtrlRegsFile)

SpiaRegsFile 
*          1    00007040    00000010     UNINITIALIZED
                  00007040    00000010     flash.obj (SpiaRegsFile)

SciaRegsFile 
*          1    00007050    00000010     UNINITIALIZED
                  00007050    00000010     flash.obj (SciaRegsFile)

XIntruptRegsFile 
*          1    00007070    00000010     UNINITIALIZED
                  00007070    00000010     flash.obj (XIntruptRegsFile)

AdcRegsFile 
*          1    00007100    0000001e     UNINITIALIZED
                  00007100    0000001e     flash.obj (AdcRegsFile)

SpibRegsFile 
*          1    00007740    00000010     UNINITIALIZED
                  00007740    00000010     flash.obj (SpibRegsFile)

ScibRegsFile 
*          1    00007750    00000010     UNINITIALIZED
                  00007750    00000010     flash.obj (ScibRegsFile)

SpicRegsFile 
*          1    00007760    00000010     UNINITIALIZED
                  00007760    00000010     flash.obj (SpicRegsFile)

SpidRegsFile 
*          1    00007780    00000010     UNINITIALIZED
                  00007780    00000010     flash.obj (SpidRegsFile)

I2caRegsFile 
*          1    00007900    00000022     UNINITIALIZED
                  00007900    00000022     flash.obj (I2caRegsFile)

.ebss      1    00008000    00000564     UNINITIALIZED
                  00008000    000000e4     flash.obj (.ebss)
                  000080e4    00000008     rts2800_ml.lib : memory.obj (.ebss)
                  000080ec    00000004     Flash2808_API_V302.lib : Flash28_Globals.obj (.ebss)
                  000080f0    00000004     rts2800_ml.lib : _lock.obj (.ebss)
                  00008100    00000080                    : exit.obj (.ebss)
                  00008180    00000190                    : fcvt.obj (.ebss)
                  00008340    00000190                    : _printfi.obj (.ebss)
                  00008500    00000064                    : ecvt.obj (.ebss)

CsmPwlFile 
*          1    003f7ff8    00000008     UNINITIALIZED
                  003f7ff8    00000008     flash.obj (CsmPwlFile)


GLOBAL SYMBOLS: SORTED ALPHABETICALLY BY Name 

address    name
--------   ----
00000000   .bss
00000000   .data
003f4000   .text
003f406a   C$$EXIT
003f5611   FD$$ADD
003f505a   FD$$CMP
003f5084   FD$$DIV
003f510f   FD$$MPY
003f5192   FD$$NEG
003f519b   FD$$SUB
003f51a9   FD$$TOI
003f51ca   FD$$TOL
003f45d3   FS$$CMP
003f45ea   FS$$MPY
003f51e9   FS$$TOFD
003f4644   FS$$TOL
003f56ad   L$$DIV
003f56bc   L$$MOD
003f5205   L$$TOFD
003f5221   LL$$CMP
003f523f   LL$$DIV
003f527b   LL$$MOD
003f5346   LL$$MPY
003f56ca   UL$$DIV
003f56d1   UL$$MOD
003f5233   ULL$$CMP
003f52b5   ULL$$DIV
003f52e4   ULL$$MOD
003f45cd   _ADCINT_ISR
00000b00   _AdcMirror
00007100   _AdcRegs
003f45a8   _ConfigCpuTimer
00008012   _CpuTimer0
00000c00   _CpuTimer0Regs
0000800a   _CpuTimer1
00000c08   _CpuTimer1Regs
00000c10   _CpuTimer2Regs
003f7ff8   _CsmPwl
00000ae0   _CsmRegs
003f45a2   _DATALOG_ISR
000004f0   _DSP28x_usDelay
003f4276   _DeleteAllFlash
003f4221   _DeleteSecletFlash
00000880   _DevEmuRegs
003f40b9   _DisableDog
00008040   _DownLoadingHex
003f459c   _ECAN0INTA_ISR
003f4596   _ECAN0INTB_ISR
003f4590   _ECAN1INTA_ISR
003f458a   _ECAN1INTB_ISR
003f4584   _ECAP1_INT_ISR
003f457e   _ECAP2_INT_ISR
003f4578   _ECAP3_INT_ISR
003f4572   _ECAP4_INT_ISR
00006040   _ECanaLAMRegs
000060c0   _ECanaMOTORegs
00006080   _ECanaMOTSRegs
00006100   _ECanaMboxes
00006000   _ECanaRegs
00006240   _ECanbLAMRegs
000062c0   _ECanbMOTORegs
00006280   _ECanbMOTSRegs
00006300   _ECanbMboxes
00006200   _ECanbRegs
00006a00   _ECap1Regs
00006a20   _ECap2Regs
00006a40   _ECap3Regs
00006a60   _ECap4Regs
003f456d   _EMPTY_ISR
003f4567   _EMUINT_ISR
003f4561   _EPWM1_INT_ISR
003f455b   _EPWM1_TZINT_ISR
003f4555   _EPWM2_INT_ISR
003f454f   _EPWM2_TZINT_ISR
003f4549   _EPWM3_INT_ISR
003f4543   _EPWM3_TZINT_ISR
003f453d   _EPWM4_INT_ISR
003f4537   _EPWM4_TZINT_ISR
003f4531   _EPWM5_INT_ISR
003f452b   _EPWM5_TZINT_ISR
003f4525   _EPWM6_INT_ISR
003f451f   _EPWM6_TZINT_ISR
00006800   _EPwm1Regs
00006840   _EPwm2Regs
00006880   _EPwm3Regs
000068c0   _EPwm4Regs
00006900   _EPwm5Regs
00006940   _EPwm6Regs
003f4519   _EQEP1_INT_ISR
003f4513   _EQEP2_INT_ISR
00006b00   _EQep1Regs
00006b40   _EQep2Regs
003f450a   _EnableInterrupts
000002fd   _Fl2808_ClearSector
00000330   _Fl2808_CompactSector
000000b6   _Fl2808_EraseSector
00000111   _Fl2808_Init
00000432   _Fl28x_ClearLoop
00000197   _Fl28x_ClosePulse
000004ad   _Fl28x_CompactPulse
00000473   _Fl28x_CompactVerify
00000384   _Fl28x_Delay
00000391   _Fl28x_DisableInt
000002e9   _Fl28x_DisableNMI
00000142   _Fl28x_EnterCmdMode
000003e0   _Fl28x_ErasePulse
00000398   _Fl28x_EraseVerify
00000167   _Fl28x_FlashRegSleep
00000135   _Fl28x_LeaveCmdMode
000001ae   _Fl28x_MaskAll
00000186   _Fl28x_OpenPulse
0000029f   _Fl28x_ProgPulse
00000262   _Fl28x_ProgVerify
00000395   _Fl28x_RestoreInt
000002e1   _Fl28x_WatchDogDisable
000002f5   _Flash2808_APIVersion
000002fa   _Flash2808_APIVersionHex
00000014   _Flash2808_Erase
000001b9   _Flash2808_Program
003f6122   _Flash28_API_LoadEnd
003f5c32   _Flash28_API_LoadStart
00000000   _Flash28_API_RunStart
00000a80   _FlashRegs
00008002   _FlashStatus
000080ee   _Flash_CPUScaleFactor
000080ec   _Flash_CallbackPtr
00006f80   _GpioCtrlRegs
00006fc0   _GpioDataRegs
00006fe0   _GpioIntRegs
003fa61d   _HEXDOWN_AsciiConvert
003fa600   _HEXDOWN_AsciiToHex
003f4504   _I2CINT1A_ISR
003f44fe   _I2CINT2A_ISR
00007900   _I2caRegs
003f44f8   _ILLEGAL_ISR
003f44f2   _INT13_ISR
003f44ec   _INT14_ISR
003f44c5   _InitCpuTimers
000004f4   _InitFlash
003f41b6   _InitFlashAPI2808
003f4104   _InitGpio
003f40e5   _InitPeripheralClocks
003f4136   _InitPieCtrl
003f4155   _InitPieVectTable
003f40c1   _InitPll
003f4173   _InitSci
003f40fc   _InitSysCtrl
003f41df   _InitSystem
003f4287   _InitUserHexDownVariable
003f4126   _MemCopy
003f44bf   _NMI_ISR
003f44b9   _PIE_RESERVED
00000ce0   _PieCtrlRegs
00000d00   _PieVectTable
003f56d8   _PieVectTableInit
003f41eb   _PrintMenu
00008006   _ProgStatus
003f44b3   _RTOSINT_ISR
003f6282   _RamfuncsLoadEnd
003f6233   _RamfuncsLoadEnd1
003f625f   _RamfuncsLoadStart
003f6122   _RamfuncsLoadStart1
000004f0   _RamfuncsRunStart
003fa600   _RamfuncsRunStart1
003f4166   _ResetSystem
003f44b2   _ResetVariable
003f44ac   _SCIRXINTA_ISR
003f44a6   _SCIRXINTB_ISR
003f44a0   _SCITXINTA_ISR
003f449a   _SCITXINTB_ISR
003f421b   _SCIx_RxChar
003f4189   _SCIx_TxChar
003f418f   _SCIx_TxString
003f4494   _SEQ1INT_ISR
003f448e   _SEQ2INT_ISR
003f4488   _SPIRXINTA_ISR
003f4482   _SPIRXINTB_ISR
003f447c   _SPIRXINTC_ISR
003f4476   _SPIRXINTD_ISR
003f4470   _SPITXINTA_ISR
003f446a   _SPITXINTB_ISR
003f4464   _SPITXINTC_ISR
003f445e   _SPITXINTD_ISR
00007050   _SciaRegs
00007750   _ScibRegs
003f4454   _ServiceDog
00007040   _SpiaRegs
00007740   _SpibRegs
00007760   _SpicRegs
00007780   _SpidRegs
00007010   _SysCtrlRegs
003f444e   _TINT0_ISR
0000801a   _Temp
003f41a5   _TxPrintf
003f4448   _USER10_ISR
003f4442   _USER11_ISR
003f443c   _USER12_ISR
003f4436   _USER1_ISR
003f4430   _USER2_ISR
003f442a   _USER3_ISR
003f4424   _USER4_ISR
003f441e   _USER5_ISR
003f4418   _USER6_ISR
003f4412   _USER7_ISR
003f440c   _USER8_ISR
003f4406   _USER9_ISR
003f428e   _UserFlashErase_DownloadPrm
00008000   _UserPrgAddress
003fa667   _UserPrmHexFileDownLoading
003f41e4   _UserProgramStart
003f4400   _WAKEINT_ISR
003f43fa   _XINT1_ISR
003f43f4   _XINT2_ISR
00007070   _XIntruptRegs
00000300   __STACK_SIZE
00000300   __SYSMEM_SIZE
ffffffff   ___binit__
00000000   ___bss__
ffffffff   ___c_args__
003f6233   ___cinit__
00000000   ___data__
00000000   ___edata__
00000000   ___end__
003f56d7   ___etext__
003f539b   ___memcpy
003f53b9   ___memcpy_ff
003f53af   ___memcpy_fn
003f53a5   ___memcpy_nf
ffffffff   ___pinit__
003f4000   ___text__
003f4097   __args_main
00008104   __cleanup_ptr
003f5b30   __ctypes_
00008102   __dtors_ptr
000080f2   __lock
003f408e   __nop
003f46ae   __printfi
003f408f   __register_lock
003f4093   __register_unlock
003fa300   __sys_memory
000080f0   __unlock
003f408d   _abort
003f406c   _atexit
003f4e39   _atoi
003f4000   _c_int00
003f5570   _calloc
003f558a   _chkheap
003f4e83   _ecvt
003f4044   _exit
003f4f6f   _fcvt
003f546d   _free
003f558c   _free_memory
003f535a   _ltoa
003f42cd   _main
003f5408   _malloc
003f55ab   _max_free
003f5386   _memccpy
003f5398   _memcpy
003f466d   _memset
003f53d9   _minit
003f54bc   _realloc
003f40b3   _rsvd_ISR
003f55cd   _strcpy
003f55dc   _strlen
003f55e9   _strncpy
003f467c   _vsprintf
ffffffff   binit
003f6233   cinit
003f7ff6   code_start
00000000   edata
00000000   end
003f56d7   etext
ffffffff   pinit


GLOBAL SYMBOLS: SORTED BY Symbol Address 

address    name
--------   ----
00000000   ___bss__
00000000   _Flash28_API_RunStart
00000000   ___data__
00000000   ___end__
00000000   ___edata__
00000000   edata
00000000   end
00000000   .bss
00000000   .data
00000014   _Flash2808_Erase
000000b6   _Fl2808_EraseSector
00000111   _Fl2808_Init
00000135   _Fl28x_LeaveCmdMode
00000142   _Fl28x_EnterCmdMode
00000167   _Fl28x_FlashRegSleep
00000186   _Fl28x_OpenPulse
00000197   _Fl28x_ClosePulse
000001ae   _Fl28x_MaskAll
000001b9   _Flash2808_Program
00000262   _Fl28x_ProgVerify
0000029f   _Fl28x_ProgPulse
000002e1   _Fl28x_WatchDogDisable
000002e9   _Fl28x_DisableNMI
000002f5   _Flash2808_APIVersion
000002fa   _Flash2808_APIVersionHex
000002fd   _Fl2808_ClearSector
00000300   __STACK_SIZE
00000300   __SYSMEM_SIZE
00000330   _Fl2808_CompactSector
00000384   _Fl28x_Delay
00000391   _Fl28x_DisableInt
00000395   _Fl28x_RestoreInt
00000398   _Fl28x_EraseVerify
000003e0   _Fl28x_ErasePulse
00000432   _Fl28x_ClearLoop
00000473   _Fl28x_CompactVerify
000004ad   _Fl28x_CompactPulse
000004f0   _DSP28x_usDelay
000004f0   _RamfuncsRunStart
000004f4   _InitFlash
00000880   _DevEmuRegs
00000a80   _FlashRegs
00000ae0   _CsmRegs
00000b00   _AdcMirror
00000c00   _CpuTimer0Regs
00000c08   _CpuTimer1Regs
00000c10   _CpuTimer2Regs
00000ce0   _PieCtrlRegs
00000d00   _PieVectTable
00006000   _ECanaRegs
00006040   _ECanaLAMRegs
00006080   _ECanaMOTSRegs
000060c0   _ECanaMOTORegs
00006100   _ECanaMboxes
00006200   _ECanbRegs
00006240   _ECanbLAMRegs
00006280   _ECanbMOTSRegs
000062c0   _ECanbMOTORegs
00006300   _ECanbMboxes
00006800   _EPwm1Regs
00006840   _EPwm2Regs
00006880   _EPwm3Regs
000068c0   _EPwm4Regs
00006900   _EPwm5Regs
00006940   _EPwm6Regs
00006a00   _ECap1Regs
00006a20   _ECap2Regs
00006a40   _ECap3Regs
00006a60   _ECap4Regs
00006b00   _EQep1Regs
00006b40   _EQep2Regs
00006f80   _GpioCtrlRegs
00006fc0   _GpioDataRegs
00006fe0   _GpioIntRegs
00007010   _SysCtrlRegs
00007040   _SpiaRegs
00007050   _SciaRegs
00007070   _XIntruptRegs
00007100   _AdcRegs
00007740   _SpibRegs
00007750   _ScibRegs
00007760   _SpicRegs
00007780   _SpidRegs
00007900   _I2caRegs
00008000   _UserPrgAddress
00008002   _FlashStatus
00008006   _ProgStatus
0000800a   _CpuTimer1
00008012   _CpuTimer0
0000801a   _Temp
00008040   _DownLoadingHex
000080ec   _Flash_CallbackPtr
000080ee   _Flash_CPUScaleFactor
000080f0   __unlock
000080f2   __lock
00008102   __dtors_ptr
00008104   __cleanup_ptr
003f4000   ___text__
003f4000   _c_int00
003f4000   .text
003f4044   _exit
003f406a   C$$EXIT
003f406c   _atexit
003f408d   _abort
003f408e   __nop
003f408f   __register_lock
003f4093   __register_unlock
003f4097   __args_main
003f40b3   _rsvd_ISR
003f40b9   _DisableDog
003f40c1   _InitPll
003f40e5   _InitPeripheralClocks
003f40fc   _InitSysCtrl
003f4104   _InitGpio
003f4126   _MemCopy
003f4136   _InitPieCtrl
003f4155   _InitPieVectTable
003f4166   _ResetSystem
003f4173   _InitSci
003f4189   _SCIx_TxChar
003f418f   _SCIx_TxString
003f41a5   _TxPrintf
003f41b6   _InitFlashAPI2808
003f41df   _InitSystem
003f41e4   _UserProgramStart
003f41eb   _PrintMenu
003f421b   _SCIx_RxChar
003f4221   _DeleteSecletFlash
003f4276   _DeleteAllFlash
003f4287   _InitUserHexDownVariable
003f428e   _UserFlashErase_DownloadPrm
003f42cd   _main
003f43f4   _XINT2_ISR
003f43fa   _XINT1_ISR
003f4400   _WAKEINT_ISR
003f4406   _USER9_ISR
003f440c   _USER8_ISR
003f4412   _USER7_ISR
003f4418   _USER6_ISR
003f441e   _USER5_ISR
003f4424   _USER4_ISR
003f442a   _USER3_ISR
003f4430   _USER2_ISR
003f4436   _USER1_ISR
003f443c   _USER12_ISR
003f4442   _USER11_ISR
003f4448   _USER10_ISR
003f444e   _TINT0_ISR
003f4454   _ServiceDog
003f445e   _SPITXINTD_ISR
003f4464   _SPITXINTC_ISR
003f446a   _SPITXINTB_ISR
003f4470   _SPITXINTA_ISR
003f4476   _SPIRXINTD_ISR
003f447c   _SPIRXINTC_ISR
003f4482   _SPIRXINTB_ISR
003f4488   _SPIRXINTA_ISR
003f448e   _SEQ2INT_ISR
003f4494   _SEQ1INT_ISR
003f449a   _SCITXINTB_ISR
003f44a0   _SCITXINTA_ISR
003f44a6   _SCIRXINTB_ISR
003f44ac   _SCIRXINTA_ISR
003f44b2   _ResetVariable
003f44b3   _RTOSINT_ISR
003f44b9   _PIE_RESERVED
003f44bf   _NMI_ISR
003f44c5   _InitCpuTimers
003f44ec   _INT14_ISR
003f44f2   _INT13_ISR
003f44f8   _ILLEGAL_ISR
003f44fe   _I2CINT2A_ISR
003f4504   _I2CINT1A_ISR
003f450a   _EnableInterrupts
003f4513   _EQEP2_INT_ISR
003f4519   _EQEP1_INT_ISR
003f451f   _EPWM6_TZINT_ISR
003f4525   _EPWM6_INT_ISR
003f452b   _EPWM5_TZINT_ISR
003f4531   _EPWM5_INT_ISR
003f4537   _EPWM4_TZINT_ISR
003f453d   _EPWM4_INT_ISR
003f4543   _EPWM3_TZINT_ISR
003f4549   _EPWM3_INT_ISR
003f454f   _EPWM2_TZINT_ISR
003f4555   _EPWM2_INT_ISR
003f455b   _EPWM1_TZINT_ISR
003f4561   _EPWM1_INT_ISR
003f4567   _EMUINT_ISR
003f456d   _EMPTY_ISR
003f4572   _ECAP4_INT_ISR
003f4578   _ECAP3_INT_ISR
003f457e   _ECAP2_INT_ISR
003f4584   _ECAP1_INT_ISR
003f458a   _ECAN1INTB_ISR
003f4590   _ECAN1INTA_ISR
003f4596   _ECAN0INTB_ISR
003f459c   _ECAN0INTA_ISR
003f45a2   _DATALOG_ISR
003f45a8   _ConfigCpuTimer
003f45cd   _ADCINT_ISR
003f45d3   FS$$CMP
003f45ea   FS$$MPY
003f4644   FS$$TOL
003f466d   _memset
003f467c   _vsprintf
003f46ae   __printfi
003f4e39   _atoi
003f4e83   _ecvt
003f4f6f   _fcvt
003f505a   FD$$CMP
003f5084   FD$$DIV
003f510f   FD$$MPY
003f5192   FD$$NEG
003f519b   FD$$SUB
003f51a9   FD$$TOI
003f51ca   FD$$TOL
003f51e9   FS$$TOFD
003f5205   L$$TOFD
003f5221   LL$$CMP
003f5233   ULL$$CMP
003f523f   LL$$DIV
003f527b   LL$$MOD
003f52b5   ULL$$DIV
003f52e4   ULL$$MOD
003f5346   LL$$MPY
003f535a   _ltoa
003f5386   _memccpy
003f5398   _memcpy
003f539b   ___memcpy
003f53a5   ___memcpy_nf
003f53af   ___memcpy_fn
003f53b9   ___memcpy_ff
003f53d9   _minit
003f5408   _malloc
003f546d   _free
003f54bc   _realloc
003f5570   _calloc
003f558a   _chkheap
003f558c   _free_memory
003f55ab   _max_free
003f55cd   _strcpy
003f55dc   _strlen
003f55e9   _strncpy
003f5611   FD$$ADD
003f56ad   L$$DIV
003f56bc   L$$MOD
003f56ca   UL$$DIV
003f56d1   UL$$MOD
003f56d7   ___etext__
003f56d7   etext
003f56d8   _PieVectTableInit
003f5b30   __ctypes_
003f5c32   _Flash28_API_LoadStart
003f6122   _Flash28_API_LoadEnd
003f6122   _RamfuncsLoadStart1
003f6233   ___cinit__
003f6233   _RamfuncsLoadEnd1
003f6233   cinit
003f625f   _RamfuncsLoadStart
003f6282   _RamfuncsLoadEnd
003f7ff6   code_start
003f7ff8   _CsmPwl
003fa300   __sys_memory
003fa600   _HEXDOWN_AsciiToHex
003fa600   _RamfuncsRunStart1
003fa61d   _HEXDOWN_AsciiConvert
003fa667   _UserPrmHexFileDownLoading
ffffffff   pinit
ffffffff   ___c_args__
ffffffff   ___pinit__
ffffffff   binit
ffffffff   ___binit__

[273 symbols]
